node.exe : FAIL test/audit.e2e-spec.ts
No linha:1 caractere:1
+ & "C:\Program Files\nodejs/node.exe" "C:\Program 
Files\nodejs/node_mo ...
+ ~~~~~~~~~~~~~~~~~~~~~~~~~~~~~~~~~~~~~~~~~~~~~~~~~~~~~~~~~~~~~
~~~~~~~~
    + CategoryInfo          : NotSpecified: (FAIL test/audit.e 
   2e-spec.ts:String) [], RemoteException
    + FullyQualifiedErrorId : NativeCommandError
 
  Audit Logging (e2e)
    ├ù should create an audit log when accessing a protected 
route (1144 ms)

  ÔùÅ Audit Logging (e2e) ÔÇ║ should create an audit log when 
accessing a protected route

    expect(jest.fn()).toHaveBeenCalledWith(...expected)

    Expected: ObjectContaining {"data": ObjectContaining 
{"action": "GET", "resource": "/test-audit", "userId": 
"admin-id"}}
    Received: {"data": {"action": "GET", "createdAt": 
2026-02-19T04:48:44.053Z, "ipAddress": "::ffff:127.0.0.1", 
"resource": "/test-audit", "resourceId": undefined, "userId": 
undefined}}

    Number of calls: 1

    [0m [90m 120 |[39m     [90m// Verify that create was 
called[39m
     [90m 121 |[39m     [90m// eslint-disable-next-line 
@typescript-eslint/no-unsafe-member-access[39m
    [31m[1m>[22m[39m[90m 122 |[39m     expect(mockPrismaS
ervice[33m.[39mauditLog[33m.[39mcreate)[33m.[39mtoHaveBee
nCalledWith(
     [90m     |[39m                                          
     [31m[1m^[22m[39m
     [90m 123 |[39m       expect[33m.[39mobjectContaining({
     [90m 124 |[39m         data[33m:[39m 
expect[33m.[39mobjectContaining({
     [90m 125 |[39m           userId[33m:[39m 
[32m"admin-id"[39m[33m,[39m[0m

      at Object.<anonymous> (audit.e2e-spec.ts:122:47)

Test Suites: 1 failed, 1 total
Tests:       1 failed, 1 total
Snapshots:   0 total
Time:        5.277 s, estimated 7 s
Ran all test suites matching test/audit.e2e-spec.ts.
